../Core/Src/main.c:82:5:main	8	static
../Core/Src/main.c:129:6:SystemClock_Config	88	static
../Core/Src/main.c:176:13:MX_FDCAN1_Init	32	static
../Core/Src/main.c:255:13:MX_FDCAN2_Init	32	static
../Core/Src/main.c:325:13:MX_TIM1_Init	40	static
../Core/Src/main.c:372:13:MX_GPIO_Init	40	static
../Core/Src/main.c:399:6:HAL_FDCAN_RxFifo0Callback	16	static
../Core/Src/main.c:412:6:HAL_FDCAN_RxFifo1Callback	16	static
../Core/Src/main.c:423:6:HAL_TIM_PeriodElapsedCallback	16	static
../Core/Src/main.c:439:6:Error_Handler	4	static,ignoring_inline_asm
